Archive member included to satisfy reference by file (symbol)

../../ch32v003fun//../misc/libgcc.a(div.o)
                              /tmp/cc9Zo2WQ.ltrans0.ltrans.o (__udivsi3)

Discarded input sections

 .text          0x00000000        0x0 /tmp/cc9Zo2WQ.ltrans0.ltrans.o
 .data          0x00000000        0x0 /tmp/cc9Zo2WQ.ltrans0.ltrans.o
 .bss           0x00000000        0x0 /tmp/cc9Zo2WQ.ltrans0.ltrans.o
 .text.mini_pad
                0x00000000       0xa2 /tmp/cc9Zo2WQ.ltrans0.ltrans.o
 .text._puts    0x00000000       0x40 /tmp/cc9Zo2WQ.ltrans0.ltrans.o
 .text.mini_itoa.part.0
                0x00000000       0xcc /tmp/cc9Zo2WQ.ltrans0.ltrans.o
 .text.internal_handle_input.constprop.0
                0x00000000        0xc /tmp/cc9Zo2WQ.ltrans0.ltrans.o
 .text._write.constprop.0
                0x00000000       0xfc /tmp/cc9Zo2WQ.ltrans0.ltrans.o
 .text.__puts_uart
                0x00000000       0x1a /tmp/cc9Zo2WQ.ltrans0.ltrans.o
 .text.vector_handler
                0x00000000       0x40 /tmp/cc9Zo2WQ.ltrans0.ltrans.o
 .text.strlen   0x00000000       0x12 /tmp/cc9Zo2WQ.ltrans0.ltrans.o
 .text.mini_vpprintf
                0x00000000      0x1cc /tmp/cc9Zo2WQ.ltrans0.ltrans.o
 .text.printf   0x00000000       0x30 /tmp/cc9Zo2WQ.ltrans0.ltrans.o
 .rodata.vector_handler.str1.4
                0x00000000       0x34 /tmp/cc9Zo2WQ.ltrans0.ltrans.o
 .text.vprintf  0x00000000       0x16 /tmp/cc9Zo2WQ.ltrans0.ltrans.o
 .text.mini_vsnprintf
                0x00000000       0x3a /tmp/cc9Zo2WQ.ltrans0.ltrans.o
 .text.snprintf
                0x00000000       0x1c /tmp/cc9Zo2WQ.ltrans0.ltrans.o
 .text.sprintf  0x00000000       0x26 /tmp/cc9Zo2WQ.ltrans0.ltrans.o
 .text.memset   0x00000000       0x12 /tmp/cc9Zo2WQ.ltrans0.ltrans.o
 .text.strcpy   0x00000000       0x12 /tmp/cc9Zo2WQ.ltrans0.ltrans.o
 .text.strncpy  0x00000000       0x18 /tmp/cc9Zo2WQ.ltrans0.ltrans.o
 .text.strcmp   0x00000000       0x1a /tmp/cc9Zo2WQ.ltrans0.ltrans.o
 .text.strncmp  0x00000000       0x2e /tmp/cc9Zo2WQ.ltrans0.ltrans.o
 .text.strchr   0x00000000       0x30 /tmp/cc9Zo2WQ.ltrans0.ltrans.o
 .text.strrchr  0x00000000       0x3c /tmp/cc9Zo2WQ.ltrans0.ltrans.o
 .text.memcpy   0x00000000       0x1c /tmp/cc9Zo2WQ.ltrans0.ltrans.o
 .text.memcmp   0x00000000       0x20 /tmp/cc9Zo2WQ.ltrans0.ltrans.o
 .text.memmove  0x00000000       0x5e /tmp/cc9Zo2WQ.ltrans0.ltrans.o
 .text.memchr   0x00000000       0x1a /tmp/cc9Zo2WQ.ltrans0.ltrans.o
 .text.strnlen  0x00000000       0x2a /tmp/cc9Zo2WQ.ltrans0.ltrans.o
 .text.twoway_strstr
                0x00000000      0x23e /tmp/cc9Zo2WQ.ltrans0.ltrans.o
 .text.strstr   0x00000000      0x132 /tmp/cc9Zo2WQ.ltrans0.ltrans.o
 .rodata.puts.str1.4
                0x00000000        0x2 /tmp/cc9Zo2WQ.ltrans0.ltrans.o
 .text.puts     0x00000000       0x40 /tmp/cc9Zo2WQ.ltrans0.ltrans.o
 .text.setjmp   0x00000000       0x10 /tmp/cc9Zo2WQ.ltrans0.ltrans.o
 .text.longjmp  0x00000000       0x14 /tmp/cc9Zo2WQ.ltrans0.ltrans.o
 .text.putchar  0x00000000       0x6e /tmp/cc9Zo2WQ.ltrans0.ltrans.o
 .rodata.APBAHBPrescTable.lto_priv.0
                0x00000000       0x10 /tmp/cc9Zo2WQ.ltrans0.ltrans.o
 .rodata.ADCPrescTable.lto_priv.0
                0x00000000       0x14 /tmp/cc9Zo2WQ.ltrans0.ltrans.o
 .rodata.APBAHBPrescTable.lto_priv.1
                0x00000000       0x10 /tmp/cc9Zo2WQ.ltrans0.ltrans.o
 .rodata.ADCPrescTable.lto_priv.1
                0x00000000       0x14 /tmp/cc9Zo2WQ.ltrans0.ltrans.o
 .comment       0x00000000       0x23 /tmp/cc9Zo2WQ.ltrans0.ltrans.o
 .comment       0x00000000       0x23 /tmp/ccpu6yqy.debug.temp.o
 .comment       0x00000000       0x23 /tmp/ccwpifXo.debug.temp.o
 .text          0x00000000       0x80 ../../ch32v003fun//../misc/libgcc.a(div.o)
 .data          0x00000000        0x0 ../../ch32v003fun//../misc/libgcc.a(div.o)
 .bss           0x00000000        0x0 ../../ch32v003fun//../misc/libgcc.a(div.o)
 .debug_line    0x00000000      0x153 ../../ch32v003fun//../misc/libgcc.a(div.o)
 .debug_line_str
                0x00000000       0x92 ../../ch32v003fun//../misc/libgcc.a(div.o)
 .debug_info    0x00000000       0x5d ../../ch32v003fun//../misc/libgcc.a(div.o)
 .debug_abbrev  0x00000000       0x28 ../../ch32v003fun//../misc/libgcc.a(div.o)
 .debug_aranges
                0x00000000       0x20 ../../ch32v003fun//../misc/libgcc.a(div.o)
 .debug_str     0x00000000       0xd9 ../../ch32v003fun//../misc/libgcc.a(div.o)
 .riscv.attributes
                0x00000000       0x1f ../../ch32v003fun//../misc/libgcc.a(div.o)

Memory Configuration

Name             Origin             Length             Attributes
FLASH            0x00000000         0x00004000         xr
RAM              0x20000000         0x00000800         xrw
*default*        0x00000000         0xffffffff

Linker script and memory map

LOAD /tmp/ccnhxHLD.o
LOAD /tmp/cc9Zo2WQ.ltrans0.ltrans.o
LOAD /tmp/ccpu6yqy.debug.temp.o
LOAD /tmp/ccwpifXo.debug.temp.o
LOAD /tmp/ccLp0qjp.o
LOAD ../../ch32v003fun//../misc/libgcc.a

.init           0x00000000        0x8
                0x00000000                        _sinit = .
                0x00000000                        . = ALIGN (0x4)
 *(SORT_NONE(.init))
 .init          0x00000000        0x6 /tmp/cc9Zo2WQ.ltrans0.ltrans.o
                0x00000000                InterruptVectorDefault
                0x00000000                InterruptVector
                0x00000008                        . = ALIGN (0x4)
 *fill*         0x00000006        0x2 
                0x00000008                        _einit = .

.text           0x00000008      0x150
                0x00000008                        . = ALIGN (0x4)
 *(.text)
 *(.text.*)
 .text.handle_reset
                0x00000008       0x7a /tmp/cc9Zo2WQ.ltrans0.ltrans.o
                0x00000008                handle_reset
 .text.SystemInit
                0x00000082       0x62 /tmp/cc9Zo2WQ.ltrans0.ltrans.o
                0x00000082                SystemInit
 .text.startup.main
                0x000000e4       0x74 /tmp/cc9Zo2WQ.ltrans0.ltrans.o
                0x000000e4                main
 *(.rodata)
 *(.rodata*)
 *(.gnu.linkonce.t.*)
                0x00000158                        . = ALIGN (0x4)
 *fill*         0x00000158        0x0 

.rela.dyn       0x00000158        0x0
 .rela.text.handle_reset
                0x00000158        0x0 /tmp/cc9Zo2WQ.ltrans0.ltrans.o

.fini           0x00000158        0x0
 *(SORT_NONE(.fini))
                0x00000158                        . = ALIGN (0x4)
                [!provide]                        PROVIDE (_etext = .)
                [!provide]                        PROVIDE (_eitcm = .)

.preinit_array  0x00000158        0x0
                [!provide]                        PROVIDE (__preinit_array_start = .)
 *(.preinit_array)
                [!provide]                        PROVIDE (__preinit_array_end = .)

.init_array     0x00000158        0x0
                [!provide]                        PROVIDE (__init_array_start = .)
 *(SORT_BY_INIT_PRIORITY(.init_array.*) SORT_BY_INIT_PRIORITY(.ctors.*))
 *(.init_array EXCLUDE_FILE(*crtend?.o *crtend.o *crtbegin?.o *crtbegin.o) .ctors)
                [!provide]                        PROVIDE (__init_array_end = .)

.fini_array     0x00000158        0x0
                [!provide]                        PROVIDE (__fini_array_start = .)
 *(SORT_BY_INIT_PRIORITY(.fini_array.*) SORT_BY_INIT_PRIORITY(.dtors.*))
 *(.fini_array EXCLUDE_FILE(*crtend?.o *crtend.o *crtbegin?.o *crtbegin.o) .dtors)
                [!provide]                        PROVIDE (__fini_array_end = .)

.ctors
 *crtbegin.o(.ctors)
 *crtbegin?.o(.ctors)
 *(EXCLUDE_FILE(*crtend?.o *crtend.o) .ctors)
 *(SORT_BY_NAME(.ctors.*))
 *(.ctors)

.dtors
 *crtbegin.o(.dtors)
 *crtbegin?.o(.dtors)
 *(EXCLUDE_FILE(*crtend?.o *crtend.o) .dtors)
 *(SORT_BY_NAME(.dtors.*))
 *(.dtors)

.dalign         0x20000000        0x0 load address 0x00000158
                0x20000000                        . = ALIGN (0x4)
                0x20000000                        PROVIDE (_data_vma = .)

.dlalign        0x00000158        0x0
                0x00000158                        . = ALIGN (0x4)
                0x00000158                        PROVIDE (_data_lma = .)

.data           0x20000000        0x0 load address 0x00000158
                0x20000000                        . = ALIGN (0x4)
 *(.gnu.linkonce.r.*)
 *(.data .data.*)
 *(.gnu.linkonce.d.*)
                0x20000000                        . = ALIGN (0x8)
                0x20000800                        PROVIDE (__global_pointer$ = (. + 0x800))
 *(.sdata .sdata.*)
 *(.sdata2*)
 *(.gnu.linkonce.s.*)
                0x20000000                        . = ALIGN (0x8)
 *(.srodata.cst16)
 *(.srodata.cst8)
 *(.srodata.cst4)
 *(.srodata.cst2)
 *(.srodata .srodata.*)
                0x20000000                        . = ALIGN (0x4)
                0x20000000                        PROVIDE (_edata = .)

.bss            0x20000000        0x0 load address 0x00000158
                0x20000000                        . = ALIGN (0x4)
                0x20000000                        PROVIDE (_sbss = .)
 *(.sbss*)
 *(.gnu.linkonce.sb.*)
 *(.bss*)
 *(.gnu.linkonce.b.*)
 *(COMMON*)
                0x20000000                        . = ALIGN (0x4)
                0x20000000                        PROVIDE (_ebss = .)
                [!provide]                        PROVIDE (_end = _ebss)
                [!provide]                        PROVIDE (end = .)
                0x20000800                        PROVIDE (_eusrstack = (ORIGIN (RAM) + LENGTH (RAM)))

/DISCARD/
 *(.note .note.*)
 *(.eh_frame .eh_frame.*)
 *(.comment .comment.*)
 *(.ARM.extab* .gnu.linkonce.armextab.*)
 *(.ARM.exidx*)
OUTPUT(petal-GPIO.elf elf32-littleriscv)

.riscv.attributes
                0x00000000       0x2e
 .riscv.attributes
                0x00000000       0x2e /tmp/cc9Zo2WQ.ltrans0.ltrans.o

.debug_info     0x00000000     0x22cb
 .debug_info    0x00000000      0xfaf /tmp/cc9Zo2WQ.ltrans0.ltrans.o
 .debug_info    0x00000faf     0x1079 /tmp/ccpu6yqy.debug.temp.o
                0x00000faf                ch32v003fun.c.4354ab2d
 .debug_info    0x00002028      0x2a3 /tmp/ccwpifXo.debug.temp.o
                0x00002028                petal_GPIO.c.4a7e7d73

.debug_abbrev   0x00000000      0x503
 .debug_abbrev  0x00000000      0x197 /tmp/cc9Zo2WQ.ltrans0.ltrans.o
 .debug_abbrev  0x00000197      0x23c /tmp/ccpu6yqy.debug.temp.o
 .debug_abbrev  0x000003d3      0x130 /tmp/ccwpifXo.debug.temp.o

.debug_loclists
                0x00000000     0x1422
 .debug_loclists
                0x00000000     0x1422 /tmp/cc9Zo2WQ.ltrans0.ltrans.o

.debug_aranges  0x00000000      0x140
 .debug_aranges
                0x00000000      0x140 /tmp/cc9Zo2WQ.ltrans0.ltrans.o

.debug_rnglists
                0x00000000      0x1ab
 .debug_rnglists
                0x00000000      0x1ab /tmp/cc9Zo2WQ.ltrans0.ltrans.o

.debug_line     0x00000000     0x252a
 .debug_line    0x00000000     0x245b /tmp/cc9Zo2WQ.ltrans0.ltrans.o
 .debug_line    0x0000245b       0x6c /tmp/ccpu6yqy.debug.temp.o
 .debug_line    0x000024c7       0x63 /tmp/ccwpifXo.debug.temp.o

.debug_str      0x00000000      0x7e5
 .debug_str     0x00000000      0x7e5 /tmp/cc9Zo2WQ.ltrans0.ltrans.o
                                0x17a (size before relaxing)
 .debug_str     0x000007e5      0x6b2 /tmp/ccpu6yqy.debug.temp.o
 .debug_str     0x000007e5      0x2b3 /tmp/ccwpifXo.debug.temp.o

.debug_line_str
                0x00000000      0x1c2
 .debug_line_str
                0x00000000      0x1c2 /tmp/cc9Zo2WQ.ltrans0.ltrans.o
                                 0xd7 (size before relaxing)
 .debug_line_str
                0x000001c2      0x141 /tmp/ccpu6yqy.debug.temp.o
 .debug_line_str
                0x000001c2      0x118 /tmp/ccwpifXo.debug.temp.o

.debug_frame    0x00000000      0x3ac
 .debug_frame   0x00000000      0x3ac /tmp/cc9Zo2WQ.ltrans0.ltrans.o
