Archive member included to satisfy reference by file (symbol)

../../ch32v003fun//../misc/libgcc.a(div.o)
                              /tmp/ccNyJ8Em.ltrans0.ltrans.o (__udivsi3)

Discarded input sections

 .text          0x00000000        0x0 /tmp/ccNyJ8Em.ltrans0.ltrans.o
 .data          0x00000000        0x0 /tmp/ccNyJ8Em.ltrans0.ltrans.o
 .bss           0x00000000        0x0 /tmp/ccNyJ8Em.ltrans0.ltrans.o
 .text._puts    0x00000000       0x40 /tmp/ccNyJ8Em.ltrans0.ltrans.o
 .text.vprintf  0x00000000       0x16 /tmp/ccNyJ8Em.ltrans0.ltrans.o
 .text.mini_vsnprintf
                0x00000000       0x3a /tmp/ccNyJ8Em.ltrans0.ltrans.o
 .text.snprintf
                0x00000000       0x1c /tmp/ccNyJ8Em.ltrans0.ltrans.o
 .text.sprintf  0x00000000       0x26 /tmp/ccNyJ8Em.ltrans0.ltrans.o
 .text.strcpy   0x00000000       0x12 /tmp/ccNyJ8Em.ltrans0.ltrans.o
 .text.strncpy  0x00000000       0x18 /tmp/ccNyJ8Em.ltrans0.ltrans.o
 .text.strcmp   0x00000000       0x1a /tmp/ccNyJ8Em.ltrans0.ltrans.o
 .text.strncmp  0x00000000       0x2e /tmp/ccNyJ8Em.ltrans0.ltrans.o
 .text.strchr   0x00000000       0x30 /tmp/ccNyJ8Em.ltrans0.ltrans.o
 .text.strrchr  0x00000000       0x3c /tmp/ccNyJ8Em.ltrans0.ltrans.o
 .text.memcmp   0x00000000       0x20 /tmp/ccNyJ8Em.ltrans0.ltrans.o
 .text.memmove  0x00000000       0x5e /tmp/ccNyJ8Em.ltrans0.ltrans.o
 .text.memchr   0x00000000       0x1a /tmp/ccNyJ8Em.ltrans0.ltrans.o
 .text.strnlen  0x00000000       0x2a /tmp/ccNyJ8Em.ltrans0.ltrans.o
 .text.twoway_strstr
                0x00000000      0x23e /tmp/ccNyJ8Em.ltrans0.ltrans.o
 .text.strstr   0x00000000      0x132 /tmp/ccNyJ8Em.ltrans0.ltrans.o
 .rodata.puts.str1.4
                0x00000000        0x2 /tmp/ccNyJ8Em.ltrans0.ltrans.o
 .text.puts     0x00000000       0x40 /tmp/ccNyJ8Em.ltrans0.ltrans.o
 .text.setjmp   0x00000000       0x10 /tmp/ccNyJ8Em.ltrans0.ltrans.o
 .text.longjmp  0x00000000       0x14 /tmp/ccNyJ8Em.ltrans0.ltrans.o
 .text.putchar  0x00000000       0x6e /tmp/ccNyJ8Em.ltrans0.ltrans.o
 .rodata.APBAHBPrescTable.lto_priv.0
                0x00000000       0x10 /tmp/ccNyJ8Em.ltrans0.ltrans.o
 .rodata.ADCPrescTable.lto_priv.0
                0x00000000       0x14 /tmp/ccNyJ8Em.ltrans0.ltrans.o
 .rodata.APBAHBPrescTable.lto_priv.1
                0x00000000       0x10 /tmp/ccNyJ8Em.ltrans0.ltrans.o
 .rodata.ADCPrescTable.lto_priv.1
                0x00000000       0x14 /tmp/ccNyJ8Em.ltrans0.ltrans.o
 .comment       0x00000000       0x23 /tmp/ccNyJ8Em.ltrans0.ltrans.o
 .comment       0x00000000       0x23 /tmp/ccFK4B95.debug.temp.o
 .comment       0x00000000       0x23 /tmp/ccKc6tiy.debug.temp.o
 .data          0x00000000        0x0 ../../ch32v003fun//../misc/libgcc.a(div.o)
 .bss           0x00000000        0x0 ../../ch32v003fun//../misc/libgcc.a(div.o)

Memory Configuration

Name             Origin             Length             Attributes
FLASH            0x00000000         0x00004000         xr
RAM              0x20000000         0x00000800         xrw
*default*        0x00000000         0xffffffff

Linker script and memory map

LOAD /tmp/ccV7MKkO.o
LOAD /tmp/ccNyJ8Em.ltrans0.ltrans.o
LOAD /tmp/ccFK4B95.debug.temp.o
LOAD /tmp/ccKc6tiy.debug.temp.o
LOAD /tmp/ccTDzMtm.o
LOAD ../../ch32v003fun//../misc/libgcc.a

.init           0x00000000       0xa0
                0x00000000                        _sinit = .
                0x00000000                        . = ALIGN (0x4)
 *(SORT_NONE(.init))
 .init          0x00000000       0x9e /tmp/ccNyJ8Em.ltrans0.ltrans.o
                0x00000000                InterruptVectorDefault
                0x00000000                InterruptVector
                0x000000a0                        . = ALIGN (0x4)
 *fill*         0x0000009e        0x2 
                0x000000a0                        _einit = .

.text           0x000000a0      0x7cc
                0x000000a0                        . = ALIGN (0x4)
 *(.text)
 .text          0x000000a0       0x7e ../../ch32v003fun//../misc/libgcc.a(div.o)
                0x000000a0                __divsi3
                0x000000a8                __hidden___udivsi3
                0x000000a8                __udivsi3
                0x000000d4                __umodsi3
                0x000000f8                __modsi3
 *(.text.*)
 .text.mini_pad
                0x0000011e       0x9c /tmp/ccNyJ8Em.ltrans0.ltrans.o
 .text.mini_itoa.part.0
                0x000001ba       0xc0 /tmp/ccNyJ8Em.ltrans0.ltrans.o
 .text.internal_handle_input.constprop.0
                0x0000027a        0xc /tmp/ccNyJ8Em.ltrans0.ltrans.o
 .text._write.constprop.0
                0x00000286       0xea /tmp/ccNyJ8Em.ltrans0.ltrans.o
 .text.__puts_uart
                0x00000370       0x14 /tmp/ccNyJ8Em.ltrans0.ltrans.o
 .text.handle_reset
                0x00000384       0x7e /tmp/ccNyJ8Em.ltrans0.ltrans.o
                0x00000384                handle_reset
 .text.vector_handler
                0x00000402       0x38 /tmp/ccNyJ8Em.ltrans0.ltrans.o
                0x00000402                NMI_Handler
                0x00000402                NMI_RCC_CSS_IRQHandler
                0x00000410                EXTI2_IRQHandler
                0x00000410                TIM8_TRG_COM_IRQHandler
                0x00000410                TIM8_CC_IRQHandler
                0x00000410                UART8_IRQHandler
                0x00000410                TIM1_CC_IRQHandler
                0x00000410                HardFault_Handler
                0x00000410                USBPD_IRQHandler
                0x00000410                TIM6_IRQHandler
                0x00000410                SysTick_Handler
                0x00000410                PVD_IRQHandler
                0x00000410                SDIO_IRQHandler
                0x00000410                TIM9_BRK_IRQHandler
                0x00000410                DMA2_Channel8_IRQHandler
                0x00000410                CAN2_RX1_IRQHandler
                0x00000410                EXTI3_IRQHandler
                0x00000410                USBHS_IRQHandler
                0x00000410                DMA2_Channel9_IRQHandler
                0x00000410                TIM10_CC_IRQHandler
                0x00000410                EXTI25_16_IRQHandler
                0x00000410                USBFS_IRQHandler
                0x00000410                EXTI0_IRQHandler
                0x00000410                I2C2_EV_IRQHandler
                0x00000410                TIM10_TRG_COM_IRQHandler
                0x00000410                CAN2_SCE_IRQHandler
                0x00000410                ADC1_2_IRQHandler
                0x00000410                BB_IRQHandler
                0x00000410                Break_Point_Handler
                0x00000410                TIM2_CC_IRQHandler
                0x00000410                SPI1_IRQHandler
                0x00000410                TAMPER_IRQHandler
                0x00000410                AWU_IRQHandler
                0x00000410                EXTI7_0_IRQHandler
                0x00000410                CAN2_RX0_IRQHandler
                0x00000410                OSCWakeUp_IRQHandler
                0x00000410                TIM8_UP_IRQHandler
                0x00000410                Ecall_M_Mode_Handler
                0x00000410                DMA2_Channel2_IRQHandler
                0x00000410                DMA1_Channel4_IRQHandler
                0x00000410                ADC1_IRQHandler
                0x00000410                TIM2_BRK_IRQHandler
                0x00000410                TIM9_UP_IRQHandler
                0x00000410                USART3_IRQHandler
                0x00000410                RTC_IRQHandler
                0x00000410                DMA1_Channel7_IRQHandler
                0x00000410                CAN1_RX1_IRQHandler
                0x00000410                DVP_IRQHandler
                0x00000410                UART5_IRQHandler
                0x00000410                EXTI15_8_IRQHandler
                0x00000410                TIM4_IRQHandler
                0x00000410                DMA2_Channel1_IRQHandler
                0x00000410                USBPD_WKUP_IRQHandler
                0x00000410                I2C1_EV_IRQHandler
                0x00000410                USART4_IRQHandler
                0x00000410                DMA1_Channel6_IRQHandler
                0x00000410                UART4_IRQHandler
                0x00000410                DMA2_Channel4_IRQHandler
                0x00000410                TIM3_IRQHandler
                0x00000410                RCC_IRQHandler
                0x00000410                TIM1_TRG_COM_IRQHandler
                0x00000410                DMA1_Channel1_IRQHandler
                0x00000410                DMA2_Channel7_IRQHandler
                0x00000410                EXTI15_10_IRQHandler
                0x00000410                DMA1_Channel8_IRQHandler
                0x00000410                DefaultIRQHandler
                0x00000410                TIM7_IRQHandler
                0x00000410                CAN2_TX_IRQHandler
                0x00000410                TIM5_IRQHandler
                0x00000410                EXTI9_5_IRQHandler
                0x00000410                PIOC_IRQHandler
                0x00000410                SPI2_IRQHandler
                0x00000410                OSC32KCal_IRQHandler
                0x00000410                TIM10_BRK_IRQHandler
                0x00000410                TIM9_CC_IRQHandler
                0x00000410                DMA2_Channel5_IRQHandler
                0x00000410                USBHSWakeUp_IRQHandler
                0x00000410                DMA1_Channel5_IRQHandler
                0x00000410                EXTI4_IRQHandler
                0x00000410                USB_LP_CAN1_RX0_IRQHandler
                0x00000410                RNG_IRQHandler
                0x00000410                USB_HP_CAN1_TX_IRQHandler
                0x00000410                LLE_IRQHandler
                0x00000410                DMA1_Channel3_IRQHandler
                0x00000410                FSMC_IRQHandler
                0x00000410                ETH_IRQHandler
                0x00000410                TIM1_UP_IRQHandler
                0x00000410                WWDG_IRQHandler
                0x00000410                DMA2_Channel11_IRQHandler
                0x00000410                Ecall_U_Mode_Handler
                0x00000410                DMA2_Channel6_IRQHandler
                0x00000410                TIM2_IRQHandler
                0x00000410                SW_Handler
                0x00000410                TIM1_BRK_IRQHandler
                0x00000410                OPA_IRQHandler
                0x00000410                DMA2_Channel10_IRQHandler
                0x00000410                EXTI1_IRQHandler
                0x00000410                RTCAlarm_IRQHandler
                0x00000410                TIM10_UP_IRQHandler
                0x00000410                TIM9_TRG_COM_IRQHandler
                0x00000410                UART7_IRQHandler
                0x00000410                USART2_IRQHandler
                0x00000410                UART6_IRQHandler
                0x00000410                ETHWakeUp_IRQHandler
                0x00000410                I2C2_ER_IRQHandler
                0x00000410                DMA1_Channel2_IRQHandler
                0x00000410                TIM8_BRK_IRQHandler
                0x00000410                TIM2_TRG_IRQHandler
                0x00000410                CAN1_SCE_IRQHandler
                0x00000410                FLASH_IRQHandler
                0x00000410                USBFSWakeUp_IRQHandler
                0x00000410                USART1_IRQHandler
                0x00000410                OTG_FS_IRQHandler
                0x00000410                SPI3_IRQHandler
                0x00000410                USBFS_WakeUp_IRQHandler
                0x00000410                I2C1_ER_IRQHandler
                0x00000410                USBWakeUp_IRQHandler
                0x00000410                DMA2_Channel3_IRQHandler
 .text.strlen   0x0000043a       0x12 /tmp/ccNyJ8Em.ltrans0.ltrans.o
                0x0000043a                strlen
 .text.mini_vpprintf
                0x0000044c      0x1b4 /tmp/ccNyJ8Em.ltrans0.ltrans.o
 .text.printf   0x00000600       0x26 /tmp/ccNyJ8Em.ltrans0.ltrans.o
                0x00000600                printf
 .text.memset   0x00000626       0x12 /tmp/ccNyJ8Em.ltrans0.ltrans.o
                0x00000626                memset
 .text.memcpy   0x00000638       0x1c /tmp/ccNyJ8Em.ltrans0.ltrans.o
                0x00000638                memcpy
 .text.SystemInit
                0x00000654       0x62 /tmp/ccNyJ8Em.ltrans0.ltrans.o
                0x00000654                SystemInit
 .text.startup.main
                0x000006b6      0x134 /tmp/ccNyJ8Em.ltrans0.ltrans.o
                0x000006b6                main
 *(.rodata)
 *(.rodata*)
 *fill*         0x000007ea        0x2 
 .rodata.vector_handler.str1.4
                0x000007ec       0x7d /tmp/ccNyJ8Em.ltrans0.ltrans.o
                                 0x34 (size before relaxing)
 .rodata.main.str1.4
                0x00000869       0x45 /tmp/ccNyJ8Em.ltrans0.ltrans.o
 *(.gnu.linkonce.t.*)
                0x000008b0                        . = ALIGN (0x4)
 *fill*         0x00000869        0x3 

.rela.dyn       0x0000086c        0x0
 .rela.text.handle_reset
                0x0000086c        0x0 /tmp/ccNyJ8Em.ltrans0.ltrans.o

.fini           0x0000086c        0x0
 *(SORT_NONE(.fini))
                0x0000086c                        . = ALIGN (0x4)
                [!provide]                        PROVIDE (_etext = .)
                [!provide]                        PROVIDE (_eitcm = .)

.preinit_array  0x0000086c        0x0
                [!provide]                        PROVIDE (__preinit_array_start = .)
 *(.preinit_array)
                [!provide]                        PROVIDE (__preinit_array_end = .)

.init_array     0x0000086c        0x0
                [!provide]                        PROVIDE (__init_array_start = .)
 *(SORT_BY_INIT_PRIORITY(.init_array.*) SORT_BY_INIT_PRIORITY(.ctors.*))
 *(.init_array EXCLUDE_FILE(*crtend?.o *crtend.o *crtbegin?.o *crtbegin.o) .ctors)
                [!provide]                        PROVIDE (__init_array_end = .)

.fini_array     0x0000086c        0x0
                [!provide]                        PROVIDE (__fini_array_start = .)
 *(SORT_BY_INIT_PRIORITY(.fini_array.*) SORT_BY_INIT_PRIORITY(.dtors.*))
 *(.fini_array EXCLUDE_FILE(*crtend?.o *crtend.o *crtbegin?.o *crtbegin.o) .dtors)
                [!provide]                        PROVIDE (__fini_array_end = .)

.ctors
 *crtbegin.o(.ctors)
 *crtbegin?.o(.ctors)
 *(EXCLUDE_FILE(*crtend?.o *crtend.o) .ctors)
 *(SORT_BY_NAME(.ctors.*))
 *(.ctors)

.dtors
 *crtbegin.o(.dtors)
 *crtbegin?.o(.dtors)
 *(EXCLUDE_FILE(*crtend?.o *crtend.o) .dtors)
 *(SORT_BY_NAME(.dtors.*))
 *(.dtors)

.dalign         0x20000000        0x0 load address 0x0000086c
                0x20000000                        . = ALIGN (0x4)
                0x20000000                        PROVIDE (_data_vma = .)

.dlalign        0x0000086c        0x0
                0x0000086c                        . = ALIGN (0x4)
                0x0000086c                        PROVIDE (_data_lma = .)

.data           0x20000000        0x0 load address 0x0000086c
                0x20000000                        . = ALIGN (0x4)
 *(.gnu.linkonce.r.*)
 *(.data .data.*)
 *(.gnu.linkonce.d.*)
                0x20000000                        . = ALIGN (0x8)
                0x20000800                        PROVIDE (__global_pointer$ = (. + 0x800))
 *(.sdata .sdata.*)
 *(.sdata2*)
 *(.gnu.linkonce.s.*)
                0x20000000                        . = ALIGN (0x8)
 *(.srodata.cst16)
 *(.srodata.cst8)
 *(.srodata.cst4)
 *(.srodata.cst2)
 *(.srodata .srodata.*)
                0x20000000                        . = ALIGN (0x4)
                0x20000000                        PROVIDE (_edata = .)

.bss            0x20000000        0x0 load address 0x0000086c
                0x20000000                        . = ALIGN (0x4)
                0x20000000                        PROVIDE (_sbss = .)
 *(.sbss*)
 *(.gnu.linkonce.sb.*)
 *(.bss*)
 *(.gnu.linkonce.b.*)
 *(COMMON*)
                0x20000000                        . = ALIGN (0x4)
                0x20000000                        PROVIDE (_ebss = .)
                [!provide]                        PROVIDE (_end = _ebss)
                [!provide]                        PROVIDE (end = .)
                0x20000800                        PROVIDE (_eusrstack = (ORIGIN (RAM) + LENGTH (RAM)))

/DISCARD/
 *(.note .note.*)
 *(.eh_frame .eh_frame.*)
 *(.comment .comment.*)
 *(.ARM.extab* .gnu.linkonce.armextab.*)
 *(.ARM.exidx*)
OUTPUT(tim1_pwm.elf elf32-littleriscv)

.riscv.attributes
                0x00000000       0x2e
 .riscv.attributes
                0x00000000       0x2e /tmp/ccNyJ8Em.ltrans0.ltrans.o
 .riscv.attributes
                0x0000002e       0x1f ../../ch32v003fun//../misc/libgcc.a(div.o)

.debug_info     0x00000000     0x2632
 .debug_info    0x00000000     0x107b /tmp/ccNyJ8Em.ltrans0.ltrans.o
 .debug_info    0x0000107b     0x1079 /tmp/ccFK4B95.debug.temp.o
                0x0000107b                ch32v003fun.c.ea43b10c
 .debug_info    0x000020f4      0x4e1 /tmp/ccKc6tiy.debug.temp.o
                0x000020f4                tim1_pwm.c.283f9538
 .debug_info    0x000025d5       0x5d ../../ch32v003fun//../misc/libgcc.a(div.o)

.debug_abbrev   0x00000000      0x5b0
 .debug_abbrev  0x00000000      0x1c7 /tmp/ccNyJ8Em.ltrans0.ltrans.o
 .debug_abbrev  0x000001c7      0x23c /tmp/ccFK4B95.debug.temp.o
 .debug_abbrev  0x00000403      0x185 /tmp/ccKc6tiy.debug.temp.o
 .debug_abbrev  0x00000588       0x28 ../../ch32v003fun//../misc/libgcc.a(div.o)

.debug_loclists
                0x00000000     0x1454
 .debug_loclists
                0x00000000     0x1454 /tmp/ccNyJ8Em.ltrans0.ltrans.o

.debug_aranges  0x00000000      0x160
 .debug_aranges
                0x00000000      0x140 /tmp/ccNyJ8Em.ltrans0.ltrans.o
 .debug_aranges
                0x00000140       0x20 ../../ch32v003fun//../misc/libgcc.a(div.o)

.debug_rnglists
                0x00000000      0x1ab
 .debug_rnglists
                0x00000000      0x1ab /tmp/ccNyJ8Em.ltrans0.ltrans.o

.debug_line     0x00000000     0x28d0
 .debug_line    0x00000000     0x26b7 /tmp/ccNyJ8Em.ltrans0.ltrans.o
 .debug_line    0x000026b7       0x6c /tmp/ccFK4B95.debug.temp.o
 .debug_line    0x00002723       0x5a /tmp/ccKc6tiy.debug.temp.o
 .debug_line    0x0000277d      0x153 ../../ch32v003fun//../misc/libgcc.a(div.o)

.debug_str      0x00000000      0x993
 .debug_str     0x00000000      0x993 /tmp/ccNyJ8Em.ltrans0.ltrans.o
                                0x17a (size before relaxing)
 .debug_str     0x00000993      0x6b2 /tmp/ccFK4B95.debug.temp.o
 .debug_str     0x00000993      0x3cd /tmp/ccKc6tiy.debug.temp.o
 .debug_str     0x00000993       0xd9 ../../ch32v003fun//../misc/libgcc.a(div.o)

.debug_line_str
                0x00000000      0x1e6
 .debug_line_str
                0x00000000      0x1e6 /tmp/ccNyJ8Em.ltrans0.ltrans.o
                                 0xd1 (size before relaxing)
 .debug_line_str
                0x000001e6      0x13f /tmp/ccFK4B95.debug.temp.o
 .debug_line_str
                0x000001e6       0xc6 /tmp/ccKc6tiy.debug.temp.o
 .debug_line_str
                0x000001e6       0x92 ../../ch32v003fun//../misc/libgcc.a(div.o)

.debug_frame    0x00000000      0x3ac
 .debug_frame   0x00000000      0x3ac /tmp/ccNyJ8Em.ltrans0.ltrans.o
